%!Adobe-FontList 1.19
%Locale:0x80a

%BeginFont
Handler:DirectoryHandler
FontType:Invalid
OutlineFileName:D:\Read!\Desktop\offline-braimix\Font\lato\lato-bold-webfont.eot
FileModTime:1511469633
%EndFont

%BeginFont
Handler:DirectoryHandler
FontType:Invalid
OutlineFileName:D:\Read!\Desktop\offline-braimix\Font\lato\lato-bold-webfont.svg
FileModTime:1511469633
%EndFont

%BeginFont
Handler:DirectoryHandler
FontType:TrueType
FontName:Lato-Bold
FamilyName:Lato
StyleName:Bold
FullName:Lato Bold
MenuName:Lato
StyleBits:2
WritingScript:Roman
OutlineFileName:D:\Read!\Desktop\offline-braimix\Font\lato\lato-bold-webfont.ttf
DataFormat:sfntData
hasSVG:no
VariableFontType:NonVariableFont
FileLength:67592
FileModTime:1511469633
WeightClass:700
WidthClass:5
AngleClass:0
NameArray:0,Win,1,Lato
%EndFont

%BeginFont
Handler:DirectoryHandler
FontType:Invalid
OutlineFileName:D:\Read!\Desktop\offline-braimix\Font\lato\lato-bold-webfont.woff
FileModTime:1511469633
%EndFont

%BeginFont
Handler:DirectoryHandler
FontType:Invalid
OutlineFileName:D:\Read!\Desktop\offline-braimix\Font\lato\lato-regular-webfont.eot
FileModTime:1511469633
%EndFont

%BeginFont
Handler:DirectoryHandler
FontType:Invalid
OutlineFileName:D:\Read!\Desktop\offline-braimix\Font\lato\lato-regular-webfont.svg
FileModTime:1511469633
%EndFont

%BeginFont
Handler:DirectoryHandler
FontType:TrueType
FontName:Lato-Regular
FamilyName:Lato
StyleName:Regular
FullName:Lato Regular
MenuName:Lato
StyleBits:0
WritingScript:Roman
OutlineFileName:D:\Read!\Desktop\offline-braimix\Font\lato\lato-regular-webfont.ttf
DataFormat:sfntData
hasSVG:no
VariableFontType:NonVariableFont
FileLength:65648
FileModTime:1511469633
WeightClass:400
WidthClass:5
AngleClass:0
NameArray:0,Win,1,Lato
%EndFont

%BeginFont
Handler:DirectoryHandler
FontType:Invalid
OutlineFileName:D:\Read!\Desktop\offline-braimix\Font\lato\lato-regular-webfont.woff
FileModTime:1511469633
%EndFont

